{
    "multiqc_versions_single": {
        "content": [
            [
                
            ]
        ],
        "meta": {
            "nf-test": "0.9.1",
            "nextflow": "25.06.0"
        },
        "timestamp": "2025-08-20T15:31:13.883141"
    },
    "multiqc_stub": {
        "content": [
            [
                "multiqc_report.html",
                "multiqc_data",
                "multiqc_plots",
                "versions.yml:md5,4d346b3070bd6791f33af2257efa69f3"
            ]
        ],
        "meta": {
            "nf-test": "0.9.1",
            "nextflow": "25.06.0"
        },
        "timestamp": "2025-08-20T15:31:20.414073"
    },
    "multiqc_versions_config": {
        "content": [
            [
                
            ]
        ],
        "meta": {
            "nf-test": "0.9.1",
            "nextflow": "25.06.0"
        },
        "timestamp": "2025-08-20T15:31:17.599848"
    }
}