{
    "-profile test -stub": {
        "content": [
            {
                "CELLPROFILER_ANALYSIS": {
                    "cellprofiler": "4.2.8"
                },
                "CELLPROFILER_ASSAYDEVELOPMENT": {
                    "cellprofiler": "4.2.8"
                },
                "CELLPROFILER_ILLUMINATIONCORRECTION": {
                    "cellprofiler": "4.2.8"
                },
                "Workflow": {
                    "nf-core/cellpainting": "v1.0.0dev"
                }
            },
            [
                "cellprofiler",
                "cellprofiler/analysis",
                "cellprofiler/analysis/analysis",
                "cellprofiler/analysis/analysis/Cells.csv",
                "cellprofiler/analysis/analysis/Cytoplasm.csv",
                "cellprofiler/analysis/analysis/Image.csv",
                "cellprofiler/analysis/analysis/Nuclei.csv",
                "cellprofiler/analysis/analysis/mock_overlay.png",
                "cellprofiler/assay_development",
                "cellprofiler/assay_development/assaydevelopment",
                "cellprofiler/assay_development/assaydevelopment/Image.csv",
                "cellprofiler/assay_development/assaydevelopment/mock_segmentedimage.png",
                "cellprofiler/illumination_correction",
                "cellprofiler/illumination_correction/illumination_corrections",
                "cellprofiler/illumination_correction/illumination_corrections/BR00117035_IllumAGP.npy",
                "cellprofiler/illumination_correction/illumination_corrections/BR00117035_IllumBrightfield.npy",
                "cellprofiler/illumination_correction/illumination_corrections/BR00117035_IllumBrightfield_H.npy",
                "cellprofiler/illumination_correction/illumination_corrections/BR00117035_IllumBrightfield_L.npy",
                "cellprofiler/illumination_correction/illumination_corrections/BR00117035_IllumDNA.npy",
                "cellprofiler/illumination_correction/illumination_corrections/BR00117035_IllumER.npy",
                "cellprofiler/illumination_correction/illumination_corrections/BR00117035_IllumMito.npy",
                "cellprofiler/illumination_correction/illumination_corrections/BR00117035_IllumRNA.npy",
                "cytotable",
                "cytotable/2021_04_26_Batch1_BR00117035_A01_1.parquet",
                "cytotable/2021_04_26_Batch1_BR00117035_A01_2.parquet",
                "cytotable/2021_04_26_Batch1_BR00117035_A02_1.parquet",
                "cytotable/2021_04_26_Batch1_BR00117035_A02_2.parquet",
                "cytotable/2021_04_26_Batch1_BR00117035_B01_1.parquet",
                "cytotable/2021_04_26_Batch1_BR00117035_B01_2.parquet",
                "multiqc",
                "multiqc/multiqc_data",
                "multiqc/multiqc_data/.stub",
                "multiqc/multiqc_plots",
                "multiqc/multiqc_report.html",
                "pipeline_info",
                "pipeline_info/nf_core_cellpainting_software_mqc_versions.yml"
            ],
            [
                "Cells.csv:md5,cdead07f939579f92afcf8d9a5617589",
                "Cytoplasm.csv:md5,cdead07f939579f92afcf8d9a5617589",
                "Image.csv:md5,430c6339bcd290f7837657c15db12ffb",
                "Nuclei.csv:md5,cdead07f939579f92afcf8d9a5617589",
                "mock_overlay.png:md5,d41d8cd98f00b204e9800998ecf8427e",
                "Image.csv:md5,430c6339bcd290f7837657c15db12ffb",
                "mock_segmentedimage.png:md5,f50b84b1db4b83ba62ec1deacc69c260",
                "BR00117035_IllumAGP.npy:md5,d41d8cd98f00b204e9800998ecf8427e",
                "BR00117035_IllumBrightfield.npy:md5,d41d8cd98f00b204e9800998ecf8427e",
                "BR00117035_IllumBrightfield_H.npy:md5,d41d8cd98f00b204e9800998ecf8427e",
                "BR00117035_IllumBrightfield_L.npy:md5,d41d8cd98f00b204e9800998ecf8427e",
                "BR00117035_IllumDNA.npy:md5,d41d8cd98f00b204e9800998ecf8427e",
                "BR00117035_IllumER.npy:md5,d41d8cd98f00b204e9800998ecf8427e",
                "BR00117035_IllumMito.npy:md5,d41d8cd98f00b204e9800998ecf8427e",
                "BR00117035_IllumRNA.npy:md5,d41d8cd98f00b204e9800998ecf8427e",
                "2021_04_26_Batch1_BR00117035_A01_1.parquet:md5,d41d8cd98f00b204e9800998ecf8427e",
                "2021_04_26_Batch1_BR00117035_A01_2.parquet:md5,d41d8cd98f00b204e9800998ecf8427e",
                "2021_04_26_Batch1_BR00117035_A02_1.parquet:md5,d41d8cd98f00b204e9800998ecf8427e",
                "2021_04_26_Batch1_BR00117035_A02_2.parquet:md5,d41d8cd98f00b204e9800998ecf8427e",
                "2021_04_26_Batch1_BR00117035_B01_1.parquet:md5,d41d8cd98f00b204e9800998ecf8427e",
                "2021_04_26_Batch1_BR00117035_B01_2.parquet:md5,d41d8cd98f00b204e9800998ecf8427e",
                ".stub:md5,d41d8cd98f00b204e9800998ecf8427e"
            ]
        ],
        "meta": {
            "nf-test": "0.9.1",
            "nextflow": "25.10.0"
        },
        "timestamp": "2026-04-01T16:50:14.868073"
    }
}