{
    "group_by_batch_plate_channel": {
        "content": [
            {
                "0": [
                    [
                        {
                            "batch": "2021_04_26_Batch1",
                            "plate": "BR00117035",
                            "channel": "AGP",
                            "id": "2021_04_26_Batch1_BR00117035_AGP"
                        },
                        [
                            "/cellpainting-gallery/cpg0016-jump/source_4/images/2021_04_26_Batch1/images/BR00117035__2021-05-02T16_02_51-Measurement1/Images/r01c01f01p01-ch2sk1fk1fl1.tiff",
                            "/cellpainting-gallery/cpg0016-jump/source_4/images/2021_04_26_Batch1/images/BR00117035__2021-05-02T16_02_51-Measurement1/Images/r01c01f02p01-ch2sk1fk1fl1.tiff",
                            "/cellpainting-gallery/cpg0016-jump/source_4/images/2021_04_26_Batch1/images/BR00117035__2021-05-02T16_02_51-Measurement1/Images/r01c02f01p01-ch2sk1fk1fl1.tiff",
                            "/cellpainting-gallery/cpg0016-jump/source_4/images/2021_04_26_Batch1/images/BR00117035__2021-05-02T16_02_51-Measurement1/Images/r01c02f02p01-ch2sk1fk1fl1.tiff",
                            "/cellpainting-gallery/cpg0016-jump/source_4/images/2021_04_26_Batch1/images/BR00117035__2021-05-02T16_02_51-Measurement1/Images/r02c01f01p01-ch2sk1fk1fl1.tiff",
                            "/cellpainting-gallery/cpg0016-jump/source_4/images/2021_04_26_Batch1/images/BR00117035__2021-05-02T16_02_51-Measurement1/Images/r02c01f02p01-ch2sk1fk1fl1.tiff"
                        ],
                        "2021_04_26_Batch1_BR00117035_AGP.csv:md5,116e72836edd57c2b55f9a5f2e585d9a"
                    ],
                    [
                        {
                            "batch": "2021_04_26_Batch1",
                            "plate": "BR00117035",
                            "channel": "Brightfield",
                            "id": "2021_04_26_Batch1_BR00117035_Brightfield"
                        },
                        [
                            "/cellpainting-gallery/cpg0016-jump/source_4/images/2021_04_26_Batch1/images/BR00117035__2021-05-02T16_02_51-Measurement1/Images/r01c01f01p01-ch8sk1fk1fl1.tiff",
                            "/cellpainting-gallery/cpg0016-jump/source_4/images/2021_04_26_Batch1/images/BR00117035__2021-05-02T16_02_51-Measurement1/Images/r01c01f02p01-ch8sk1fk1fl1.tiff",
                            "/cellpainting-gallery/cpg0016-jump/source_4/images/2021_04_26_Batch1/images/BR00117035__2021-05-02T16_02_51-Measurement1/Images/r01c02f01p01-ch8sk1fk1fl1.tiff",
                            "/cellpainting-gallery/cpg0016-jump/source_4/images/2021_04_26_Batch1/images/BR00117035__2021-05-02T16_02_51-Measurement1/Images/r01c02f02p01-ch8sk1fk1fl1.tiff",
                            "/cellpainting-gallery/cpg0016-jump/source_4/images/2021_04_26_Batch1/images/BR00117035__2021-05-02T16_02_51-Measurement1/Images/r02c01f01p01-ch8sk1fk1fl1.tiff",
                            "/cellpainting-gallery/cpg0016-jump/source_4/images/2021_04_26_Batch1/images/BR00117035__2021-05-02T16_02_51-Measurement1/Images/r02c01f02p01-ch8sk1fk1fl1.tiff"
                        ],
                        "2021_04_26_Batch1_BR00117035_Brightfield.csv:md5,3c87f939ead099470078bc062a8c4a6d"
                    ],
                    [
                        {
                            "batch": "2021_04_26_Batch1",
                            "plate": "BR00117035",
                            "channel": "Brightfield_H",
                            "id": "2021_04_26_Batch1_BR00117035_Brightfield_H"
                        },
                        [
                            "/cellpainting-gallery/cpg0016-jump/source_4/images/2021_04_26_Batch1/images/BR00117035__2021-05-02T16_02_51-Measurement1/Images/r01c01f01p01-ch6sk1fk1fl1.tiff",
                            "/cellpainting-gallery/cpg0016-jump/source_4/images/2021_04_26_Batch1/images/BR00117035__2021-05-02T16_02_51-Measurement1/Images/r01c01f02p01-ch6sk1fk1fl1.tiff",
                            "/cellpainting-gallery/cpg0016-jump/source_4/images/2021_04_26_Batch1/images/BR00117035__2021-05-02T16_02_51-Measurement1/Images/r01c02f01p01-ch6sk1fk1fl1.tiff",
                            "/cellpainting-gallery/cpg0016-jump/source_4/images/2021_04_26_Batch1/images/BR00117035__2021-05-02T16_02_51-Measurement1/Images/r01c02f02p01-ch6sk1fk1fl1.tiff",
                            "/cellpainting-gallery/cpg0016-jump/source_4/images/2021_04_26_Batch1/images/BR00117035__2021-05-02T16_02_51-Measurement1/Images/r02c01f01p01-ch6sk1fk1fl1.tiff",
                            "/cellpainting-gallery/cpg0016-jump/source_4/images/2021_04_26_Batch1/images/BR00117035__2021-05-02T16_02_51-Measurement1/Images/r02c01f02p01-ch6sk1fk1fl1.tiff"
                        ],
                        "2021_04_26_Batch1_BR00117035_Brightfield_H.csv:md5,d429eee0188fa2a9c61ad0d7fae6c253"
                    ],
                    [
                        {
                            "batch": "2021_04_26_Batch1",
                            "plate": "BR00117035",
                            "channel": "Brightfield_L",
                            "id": "2021_04_26_Batch1_BR00117035_Brightfield_L"
                        },
                        [
                            "/cellpainting-gallery/cpg0016-jump/source_4/images/2021_04_26_Batch1/images/BR00117035__2021-05-02T16_02_51-Measurement1/Images/r01c01f01p01-ch7sk1fk1fl1.tiff",
                            "/cellpainting-gallery/cpg0016-jump/source_4/images/2021_04_26_Batch1/images/BR00117035__2021-05-02T16_02_51-Measurement1/Images/r01c01f02p01-ch7sk1fk1fl1.tiff",
                            "/cellpainting-gallery/cpg0016-jump/source_4/images/2021_04_26_Batch1/images/BR00117035__2021-05-02T16_02_51-Measurement1/Images/r01c02f01p01-ch7sk1fk1fl1.tiff",
                            "/cellpainting-gallery/cpg0016-jump/source_4/images/2021_04_26_Batch1/images/BR00117035__2021-05-02T16_02_51-Measurement1/Images/r01c02f02p01-ch7sk1fk1fl1.tiff",
                            "/cellpainting-gallery/cpg0016-jump/source_4/images/2021_04_26_Batch1/images/BR00117035__2021-05-02T16_02_51-Measurement1/Images/r02c01f01p01-ch7sk1fk1fl1.tiff",
                            "/cellpainting-gallery/cpg0016-jump/source_4/images/2021_04_26_Batch1/images/BR00117035__2021-05-02T16_02_51-Measurement1/Images/r02c01f02p01-ch7sk1fk1fl1.tiff"
                        ],
                        "2021_04_26_Batch1_BR00117035_Brightfield_L.csv:md5,56d8870cd4d05d69da7eeba7f8d75d33"
                    ],
                    [
                        {
                            "batch": "2021_04_26_Batch1",
                            "plate": "BR00117035",
                            "channel": "DNA",
                            "id": "2021_04_26_Batch1_BR00117035_DNA"
                        },
                        [
                            "/cellpainting-gallery/cpg0016-jump/source_4/images/2021_04_26_Batch1/images/BR00117035__2021-05-02T16_02_51-Measurement1/Images/r01c01f01p01-ch5sk1fk1fl1.tiff",
                            "/cellpainting-gallery/cpg0016-jump/source_4/images/2021_04_26_Batch1/images/BR00117035__2021-05-02T16_02_51-Measurement1/Images/r01c01f02p01-ch5sk1fk1fl1.tiff",
                            "/cellpainting-gallery/cpg0016-jump/source_4/images/2021_04_26_Batch1/images/BR00117035__2021-05-02T16_02_51-Measurement1/Images/r01c02f01p01-ch5sk1fk1fl1.tiff",
                            "/cellpainting-gallery/cpg0016-jump/source_4/images/2021_04_26_Batch1/images/BR00117035__2021-05-02T16_02_51-Measurement1/Images/r01c02f02p01-ch5sk1fk1fl1.tiff",
                            "/cellpainting-gallery/cpg0016-jump/source_4/images/2021_04_26_Batch1/images/BR00117035__2021-05-02T16_02_51-Measurement1/Images/r02c01f01p01-ch5sk1fk1fl1.tiff",
                            "/cellpainting-gallery/cpg0016-jump/source_4/images/2021_04_26_Batch1/images/BR00117035__2021-05-02T16_02_51-Measurement1/Images/r02c01f02p01-ch5sk1fk1fl1.tiff"
                        ],
                        "2021_04_26_Batch1_BR00117035_DNA.csv:md5,976efe3eb338a13f96365bce580328b3"
                    ],
                    [
                        {
                            "batch": "2021_04_26_Batch1",
                            "plate": "BR00117035",
                            "channel": "ER",
                            "id": "2021_04_26_Batch1_BR00117035_ER"
                        },
                        [
                            "/cellpainting-gallery/cpg0016-jump/source_4/images/2021_04_26_Batch1/images/BR00117035__2021-05-02T16_02_51-Measurement1/Images/r01c01f01p01-ch4sk1fk1fl1.tiff",
                            "/cellpainting-gallery/cpg0016-jump/source_4/images/2021_04_26_Batch1/images/BR00117035__2021-05-02T16_02_51-Measurement1/Images/r01c01f02p01-ch4sk1fk1fl1.tiff",
                            "/cellpainting-gallery/cpg0016-jump/source_4/images/2021_04_26_Batch1/images/BR00117035__2021-05-02T16_02_51-Measurement1/Images/r01c02f01p01-ch4sk1fk1fl1.tiff",
                            "/cellpainting-gallery/cpg0016-jump/source_4/images/2021_04_26_Batch1/images/BR00117035__2021-05-02T16_02_51-Measurement1/Images/r01c02f02p01-ch4sk1fk1fl1.tiff",
                            "/cellpainting-gallery/cpg0016-jump/source_4/images/2021_04_26_Batch1/images/BR00117035__2021-05-02T16_02_51-Measurement1/Images/r02c01f01p01-ch4sk1fk1fl1.tiff",
                            "/cellpainting-gallery/cpg0016-jump/source_4/images/2021_04_26_Batch1/images/BR00117035__2021-05-02T16_02_51-Measurement1/Images/r02c01f02p01-ch4sk1fk1fl1.tiff"
                        ],
                        "2021_04_26_Batch1_BR00117035_ER.csv:md5,ebaa5121a534bd62d9b920076f3e2103"
                    ],
                    [
                        {
                            "batch": "2021_04_26_Batch1",
                            "plate": "BR00117035",
                            "channel": "Mito",
                            "id": "2021_04_26_Batch1_BR00117035_Mito"
                        },
                        [
                            "/cellpainting-gallery/cpg0016-jump/source_4/images/2021_04_26_Batch1/images/BR00117035__2021-05-02T16_02_51-Measurement1/Images/r01c01f01p01-ch1sk1fk1fl1.tiff",
                            "/cellpainting-gallery/cpg0016-jump/source_4/images/2021_04_26_Batch1/images/BR00117035__2021-05-02T16_02_51-Measurement1/Images/r01c01f02p01-ch1sk1fk1fl1.tiff",
                            "/cellpainting-gallery/cpg0016-jump/source_4/images/2021_04_26_Batch1/images/BR00117035__2021-05-02T16_02_51-Measurement1/Images/r01c02f01p01-ch1sk1fk1fl1.tiff",
                            "/cellpainting-gallery/cpg0016-jump/source_4/images/2021_04_26_Batch1/images/BR00117035__2021-05-02T16_02_51-Measurement1/Images/r01c02f02p01-ch1sk1fk1fl1.tiff",
                            "/cellpainting-gallery/cpg0016-jump/source_4/images/2021_04_26_Batch1/images/BR00117035__2021-05-02T16_02_51-Measurement1/Images/r02c01f01p01-ch1sk1fk1fl1.tiff",
                            "/cellpainting-gallery/cpg0016-jump/source_4/images/2021_04_26_Batch1/images/BR00117035__2021-05-02T16_02_51-Measurement1/Images/r02c01f02p01-ch1sk1fk1fl1.tiff"
                        ],
                        "2021_04_26_Batch1_BR00117035_Mito.csv:md5,34145a78ec3185d211171199e36def41"
                    ],
                    [
                        {
                            "batch": "2021_04_26_Batch1",
                            "plate": "BR00117035",
                            "channel": "RNA",
                            "id": "2021_04_26_Batch1_BR00117035_RNA"
                        },
                        [
                            "/cellpainting-gallery/cpg0016-jump/source_4/images/2021_04_26_Batch1/images/BR00117035__2021-05-02T16_02_51-Measurement1/Images/r01c01f01p01-ch3sk1fk1fl1.tiff",
                            "/cellpainting-gallery/cpg0016-jump/source_4/images/2021_04_26_Batch1/images/BR00117035__2021-05-02T16_02_51-Measurement1/Images/r01c01f02p01-ch3sk1fk1fl1.tiff",
                            "/cellpainting-gallery/cpg0016-jump/source_4/images/2021_04_26_Batch1/images/BR00117035__2021-05-02T16_02_51-Measurement1/Images/r01c02f01p01-ch3sk1fk1fl1.tiff",
                            "/cellpainting-gallery/cpg0016-jump/source_4/images/2021_04_26_Batch1/images/BR00117035__2021-05-02T16_02_51-Measurement1/Images/r01c02f02p01-ch3sk1fk1fl1.tiff",
                            "/cellpainting-gallery/cpg0016-jump/source_4/images/2021_04_26_Batch1/images/BR00117035__2021-05-02T16_02_51-Measurement1/Images/r02c01f01p01-ch3sk1fk1fl1.tiff",
                            "/cellpainting-gallery/cpg0016-jump/source_4/images/2021_04_26_Batch1/images/BR00117035__2021-05-02T16_02_51-Measurement1/Images/r02c01f02p01-ch3sk1fk1fl1.tiff"
                        ],
                        "2021_04_26_Batch1_BR00117035_RNA.csv:md5,39baa0a92e5289740040f11c4a83708c"
                    ]
                ],
                "images_with_load_data_csv": [
                    [
                        {
                            "batch": "2021_04_26_Batch1",
                            "plate": "BR00117035",
                            "channel": "AGP",
                            "id": "2021_04_26_Batch1_BR00117035_AGP"
                        },
                        [
                            "/cellpainting-gallery/cpg0016-jump/source_4/images/2021_04_26_Batch1/images/BR00117035__2021-05-02T16_02_51-Measurement1/Images/r01c01f01p01-ch2sk1fk1fl1.tiff",
                            "/cellpainting-gallery/cpg0016-jump/source_4/images/2021_04_26_Batch1/images/BR00117035__2021-05-02T16_02_51-Measurement1/Images/r01c01f02p01-ch2sk1fk1fl1.tiff",
                            "/cellpainting-gallery/cpg0016-jump/source_4/images/2021_04_26_Batch1/images/BR00117035__2021-05-02T16_02_51-Measurement1/Images/r01c02f01p01-ch2sk1fk1fl1.tiff",
                            "/cellpainting-gallery/cpg0016-jump/source_4/images/2021_04_26_Batch1/images/BR00117035__2021-05-02T16_02_51-Measurement1/Images/r01c02f02p01-ch2sk1fk1fl1.tiff",
                            "/cellpainting-gallery/cpg0016-jump/source_4/images/2021_04_26_Batch1/images/BR00117035__2021-05-02T16_02_51-Measurement1/Images/r02c01f01p01-ch2sk1fk1fl1.tiff",
                            "/cellpainting-gallery/cpg0016-jump/source_4/images/2021_04_26_Batch1/images/BR00117035__2021-05-02T16_02_51-Measurement1/Images/r02c01f02p01-ch2sk1fk1fl1.tiff"
                        ],
                        "2021_04_26_Batch1_BR00117035_AGP.csv:md5,116e72836edd57c2b55f9a5f2e585d9a"
                    ],
                    [
                        {
                            "batch": "2021_04_26_Batch1",
                            "plate": "BR00117035",
                            "channel": "Brightfield",
                            "id": "2021_04_26_Batch1_BR00117035_Brightfield"
                        },
                        [
                            "/cellpainting-gallery/cpg0016-jump/source_4/images/2021_04_26_Batch1/images/BR00117035__2021-05-02T16_02_51-Measurement1/Images/r01c01f01p01-ch8sk1fk1fl1.tiff",
                            "/cellpainting-gallery/cpg0016-jump/source_4/images/2021_04_26_Batch1/images/BR00117035__2021-05-02T16_02_51-Measurement1/Images/r01c01f02p01-ch8sk1fk1fl1.tiff",
                            "/cellpainting-gallery/cpg0016-jump/source_4/images/2021_04_26_Batch1/images/BR00117035__2021-05-02T16_02_51-Measurement1/Images/r01c02f01p01-ch8sk1fk1fl1.tiff",
                            "/cellpainting-gallery/cpg0016-jump/source_4/images/2021_04_26_Batch1/images/BR00117035__2021-05-02T16_02_51-Measurement1/Images/r01c02f02p01-ch8sk1fk1fl1.tiff",
                            "/cellpainting-gallery/cpg0016-jump/source_4/images/2021_04_26_Batch1/images/BR00117035__2021-05-02T16_02_51-Measurement1/Images/r02c01f01p01-ch8sk1fk1fl1.tiff",
                            "/cellpainting-gallery/cpg0016-jump/source_4/images/2021_04_26_Batch1/images/BR00117035__2021-05-02T16_02_51-Measurement1/Images/r02c01f02p01-ch8sk1fk1fl1.tiff"
                        ],
                        "2021_04_26_Batch1_BR00117035_Brightfield.csv:md5,3c87f939ead099470078bc062a8c4a6d"
                    ],
                    [
                        {
                            "batch": "2021_04_26_Batch1",
                            "plate": "BR00117035",
                            "channel": "Brightfield_H",
                            "id": "2021_04_26_Batch1_BR00117035_Brightfield_H"
                        },
                        [
                            "/cellpainting-gallery/cpg0016-jump/source_4/images/2021_04_26_Batch1/images/BR00117035__2021-05-02T16_02_51-Measurement1/Images/r01c01f01p01-ch6sk1fk1fl1.tiff",
                            "/cellpainting-gallery/cpg0016-jump/source_4/images/2021_04_26_Batch1/images/BR00117035__2021-05-02T16_02_51-Measurement1/Images/r01c01f02p01-ch6sk1fk1fl1.tiff",
                            "/cellpainting-gallery/cpg0016-jump/source_4/images/2021_04_26_Batch1/images/BR00117035__2021-05-02T16_02_51-Measurement1/Images/r01c02f01p01-ch6sk1fk1fl1.tiff",
                            "/cellpainting-gallery/cpg0016-jump/source_4/images/2021_04_26_Batch1/images/BR00117035__2021-05-02T16_02_51-Measurement1/Images/r01c02f02p01-ch6sk1fk1fl1.tiff",
                            "/cellpainting-gallery/cpg0016-jump/source_4/images/2021_04_26_Batch1/images/BR00117035__2021-05-02T16_02_51-Measurement1/Images/r02c01f01p01-ch6sk1fk1fl1.tiff",
                            "/cellpainting-gallery/cpg0016-jump/source_4/images/2021_04_26_Batch1/images/BR00117035__2021-05-02T16_02_51-Measurement1/Images/r02c01f02p01-ch6sk1fk1fl1.tiff"
                        ],
                        "2021_04_26_Batch1_BR00117035_Brightfield_H.csv:md5,d429eee0188fa2a9c61ad0d7fae6c253"
                    ],
                    [
                        {
                            "batch": "2021_04_26_Batch1",
                            "plate": "BR00117035",
                            "channel": "Brightfield_L",
                            "id": "2021_04_26_Batch1_BR00117035_Brightfield_L"
                        },
                        [
                            "/cellpainting-gallery/cpg0016-jump/source_4/images/2021_04_26_Batch1/images/BR00117035__2021-05-02T16_02_51-Measurement1/Images/r01c01f01p01-ch7sk1fk1fl1.tiff",
                            "/cellpainting-gallery/cpg0016-jump/source_4/images/2021_04_26_Batch1/images/BR00117035__2021-05-02T16_02_51-Measurement1/Images/r01c01f02p01-ch7sk1fk1fl1.tiff",
                            "/cellpainting-gallery/cpg0016-jump/source_4/images/2021_04_26_Batch1/images/BR00117035__2021-05-02T16_02_51-Measurement1/Images/r01c02f01p01-ch7sk1fk1fl1.tiff",
                            "/cellpainting-gallery/cpg0016-jump/source_4/images/2021_04_26_Batch1/images/BR00117035__2021-05-02T16_02_51-Measurement1/Images/r01c02f02p01-ch7sk1fk1fl1.tiff",
                            "/cellpainting-gallery/cpg0016-jump/source_4/images/2021_04_26_Batch1/images/BR00117035__2021-05-02T16_02_51-Measurement1/Images/r02c01f01p01-ch7sk1fk1fl1.tiff",
                            "/cellpainting-gallery/cpg0016-jump/source_4/images/2021_04_26_Batch1/images/BR00117035__2021-05-02T16_02_51-Measurement1/Images/r02c01f02p01-ch7sk1fk1fl1.tiff"
                        ],
                        "2021_04_26_Batch1_BR00117035_Brightfield_L.csv:md5,56d8870cd4d05d69da7eeba7f8d75d33"
                    ],
                    [
                        {
                            "batch": "2021_04_26_Batch1",
                            "plate": "BR00117035",
                            "channel": "DNA",
                            "id": "2021_04_26_Batch1_BR00117035_DNA"
                        },
                        [
                            "/cellpainting-gallery/cpg0016-jump/source_4/images/2021_04_26_Batch1/images/BR00117035__2021-05-02T16_02_51-Measurement1/Images/r01c01f01p01-ch5sk1fk1fl1.tiff",
                            "/cellpainting-gallery/cpg0016-jump/source_4/images/2021_04_26_Batch1/images/BR00117035__2021-05-02T16_02_51-Measurement1/Images/r01c01f02p01-ch5sk1fk1fl1.tiff",
                            "/cellpainting-gallery/cpg0016-jump/source_4/images/2021_04_26_Batch1/images/BR00117035__2021-05-02T16_02_51-Measurement1/Images/r01c02f01p01-ch5sk1fk1fl1.tiff",
                            "/cellpainting-gallery/cpg0016-jump/source_4/images/2021_04_26_Batch1/images/BR00117035__2021-05-02T16_02_51-Measurement1/Images/r01c02f02p01-ch5sk1fk1fl1.tiff",
                            "/cellpainting-gallery/cpg0016-jump/source_4/images/2021_04_26_Batch1/images/BR00117035__2021-05-02T16_02_51-Measurement1/Images/r02c01f01p01-ch5sk1fk1fl1.tiff",
                            "/cellpainting-gallery/cpg0016-jump/source_4/images/2021_04_26_Batch1/images/BR00117035__2021-05-02T16_02_51-Measurement1/Images/r02c01f02p01-ch5sk1fk1fl1.tiff"
                        ],
                        "2021_04_26_Batch1_BR00117035_DNA.csv:md5,976efe3eb338a13f96365bce580328b3"
                    ],
                    [
                        {
                            "batch": "2021_04_26_Batch1",
                            "plate": "BR00117035",
                            "channel": "ER",
                            "id": "2021_04_26_Batch1_BR00117035_ER"
                        },
                        [
                            "/cellpainting-gallery/cpg0016-jump/source_4/images/2021_04_26_Batch1/images/BR00117035__2021-05-02T16_02_51-Measurement1/Images/r01c01f01p01-ch4sk1fk1fl1.tiff",
                            "/cellpainting-gallery/cpg0016-jump/source_4/images/2021_04_26_Batch1/images/BR00117035__2021-05-02T16_02_51-Measurement1/Images/r01c01f02p01-ch4sk1fk1fl1.tiff",
                            "/cellpainting-gallery/cpg0016-jump/source_4/images/2021_04_26_Batch1/images/BR00117035__2021-05-02T16_02_51-Measurement1/Images/r01c02f01p01-ch4sk1fk1fl1.tiff",
                            "/cellpainting-gallery/cpg0016-jump/source_4/images/2021_04_26_Batch1/images/BR00117035__2021-05-02T16_02_51-Measurement1/Images/r01c02f02p01-ch4sk1fk1fl1.tiff",
                            "/cellpainting-gallery/cpg0016-jump/source_4/images/2021_04_26_Batch1/images/BR00117035__2021-05-02T16_02_51-Measurement1/Images/r02c01f01p01-ch4sk1fk1fl1.tiff",
                            "/cellpainting-gallery/cpg0016-jump/source_4/images/2021_04_26_Batch1/images/BR00117035__2021-05-02T16_02_51-Measurement1/Images/r02c01f02p01-ch4sk1fk1fl1.tiff"
                        ],
                        "2021_04_26_Batch1_BR00117035_ER.csv:md5,ebaa5121a534bd62d9b920076f3e2103"
                    ],
                    [
                        {
                            "batch": "2021_04_26_Batch1",
                            "plate": "BR00117035",
                            "channel": "Mito",
                            "id": "2021_04_26_Batch1_BR00117035_Mito"
                        },
                        [
                            "/cellpainting-gallery/cpg0016-jump/source_4/images/2021_04_26_Batch1/images/BR00117035__2021-05-02T16_02_51-Measurement1/Images/r01c01f01p01-ch1sk1fk1fl1.tiff",
                            "/cellpainting-gallery/cpg0016-jump/source_4/images/2021_04_26_Batch1/images/BR00117035__2021-05-02T16_02_51-Measurement1/Images/r01c01f02p01-ch1sk1fk1fl1.tiff",
                            "/cellpainting-gallery/cpg0016-jump/source_4/images/2021_04_26_Batch1/images/BR00117035__2021-05-02T16_02_51-Measurement1/Images/r01c02f01p01-ch1sk1fk1fl1.tiff",
                            "/cellpainting-gallery/cpg0016-jump/source_4/images/2021_04_26_Batch1/images/BR00117035__2021-05-02T16_02_51-Measurement1/Images/r01c02f02p01-ch1sk1fk1fl1.tiff",
                            "/cellpainting-gallery/cpg0016-jump/source_4/images/2021_04_26_Batch1/images/BR00117035__2021-05-02T16_02_51-Measurement1/Images/r02c01f01p01-ch1sk1fk1fl1.tiff",
                            "/cellpainting-gallery/cpg0016-jump/source_4/images/2021_04_26_Batch1/images/BR00117035__2021-05-02T16_02_51-Measurement1/Images/r02c01f02p01-ch1sk1fk1fl1.tiff"
                        ],
                        "2021_04_26_Batch1_BR00117035_Mito.csv:md5,34145a78ec3185d211171199e36def41"
                    ],
                    [
                        {
                            "batch": "2021_04_26_Batch1",
                            "plate": "BR00117035",
                            "channel": "RNA",
                            "id": "2021_04_26_Batch1_BR00117035_RNA"
                        },
                        [
                            "/cellpainting-gallery/cpg0016-jump/source_4/images/2021_04_26_Batch1/images/BR00117035__2021-05-02T16_02_51-Measurement1/Images/r01c01f01p01-ch3sk1fk1fl1.tiff",
                            "/cellpainting-gallery/cpg0016-jump/source_4/images/2021_04_26_Batch1/images/BR00117035__2021-05-02T16_02_51-Measurement1/Images/r01c01f02p01-ch3sk1fk1fl1.tiff",
                            "/cellpainting-gallery/cpg0016-jump/source_4/images/2021_04_26_Batch1/images/BR00117035__2021-05-02T16_02_51-Measurement1/Images/r01c02f01p01-ch3sk1fk1fl1.tiff",
                            "/cellpainting-gallery/cpg0016-jump/source_4/images/2021_04_26_Batch1/images/BR00117035__2021-05-02T16_02_51-Measurement1/Images/r01c02f02p01-ch3sk1fk1fl1.tiff",
                            "/cellpainting-gallery/cpg0016-jump/source_4/images/2021_04_26_Batch1/images/BR00117035__2021-05-02T16_02_51-Measurement1/Images/r02c01f01p01-ch3sk1fk1fl1.tiff",
                            "/cellpainting-gallery/cpg0016-jump/source_4/images/2021_04_26_Batch1/images/BR00117035__2021-05-02T16_02_51-Measurement1/Images/r02c01f02p01-ch3sk1fk1fl1.tiff"
                        ],
                        "2021_04_26_Batch1_BR00117035_RNA.csv:md5,39baa0a92e5289740040f11c4a83708c"
                    ]
                ]
            }
        ],
        "meta": {
            "nf-test": "0.9.1",
            "nextflow": "25.04.6"
        },
        "timestamp": "2025-08-06T15:04:56.064107"
    },
    "group_by_batch_plate": {
        "content": [
            {
                "0": [
                    [
                        {
                            "batch": "2021_04_26_Batch1",
                            "plate": "BR00117035",
                            "id": "2021_04_26_Batch1_BR00117035"
                        },
                        [
                            "/cellpainting-gallery/cpg0016-jump/source_4/images/2021_04_26_Batch1/images/BR00117035__2021-05-02T16_02_51-Measurement1/Images/r01c01f01p01-ch7sk1fk1fl1.tiff",
                            "/cellpainting-gallery/cpg0016-jump/source_4/images/2021_04_26_Batch1/images/BR00117035__2021-05-02T16_02_51-Measurement1/Images/r01c01f01p01-ch6sk1fk1fl1.tiff",
                            "/cellpainting-gallery/cpg0016-jump/source_4/images/2021_04_26_Batch1/images/BR00117035__2021-05-02T16_02_51-Measurement1/Images/r01c01f01p01-ch8sk1fk1fl1.tiff",
                            "/cellpainting-gallery/cpg0016-jump/source_4/images/2021_04_26_Batch1/images/BR00117035__2021-05-02T16_02_51-Measurement1/Images/r01c01f01p01-ch3sk1fk1fl1.tiff",
                            "/cellpainting-gallery/cpg0016-jump/source_4/images/2021_04_26_Batch1/images/BR00117035__2021-05-02T16_02_51-Measurement1/Images/r01c01f01p01-ch1sk1fk1fl1.tiff",
                            "/cellpainting-gallery/cpg0016-jump/source_4/images/2021_04_26_Batch1/images/BR00117035__2021-05-02T16_02_51-Measurement1/Images/r01c01f01p01-ch4sk1fk1fl1.tiff",
                            "/cellpainting-gallery/cpg0016-jump/source_4/images/2021_04_26_Batch1/images/BR00117035__2021-05-02T16_02_51-Measurement1/Images/r01c01f01p01-ch5sk1fk1fl1.tiff",
                            "/cellpainting-gallery/cpg0016-jump/source_4/images/2021_04_26_Batch1/images/BR00117035__2021-05-02T16_02_51-Measurement1/Images/r01c01f01p01-ch2sk1fk1fl1.tiff",
                            "/cellpainting-gallery/cpg0016-jump/source_4/images/2021_04_26_Batch1/images/BR00117035__2021-05-02T16_02_51-Measurement1/Images/r01c01f02p01-ch7sk1fk1fl1.tiff",
                            "/cellpainting-gallery/cpg0016-jump/source_4/images/2021_04_26_Batch1/images/BR00117035__2021-05-02T16_02_51-Measurement1/Images/r01c01f02p01-ch6sk1fk1fl1.tiff",
                            "/cellpainting-gallery/cpg0016-jump/source_4/images/2021_04_26_Batch1/images/BR00117035__2021-05-02T16_02_51-Measurement1/Images/r01c01f02p01-ch8sk1fk1fl1.tiff",
                            "/cellpainting-gallery/cpg0016-jump/source_4/images/2021_04_26_Batch1/images/BR00117035__2021-05-02T16_02_51-Measurement1/Images/r01c01f02p01-ch3sk1fk1fl1.tiff",
                            "/cellpainting-gallery/cpg0016-jump/source_4/images/2021_04_26_Batch1/images/BR00117035__2021-05-02T16_02_51-Measurement1/Images/r01c01f02p01-ch1sk1fk1fl1.tiff",
                            "/cellpainting-gallery/cpg0016-jump/source_4/images/2021_04_26_Batch1/images/BR00117035__2021-05-02T16_02_51-Measurement1/Images/r01c01f02p01-ch4sk1fk1fl1.tiff",
                            "/cellpainting-gallery/cpg0016-jump/source_4/images/2021_04_26_Batch1/images/BR00117035__2021-05-02T16_02_51-Measurement1/Images/r01c01f02p01-ch5sk1fk1fl1.tiff",
                            "/cellpainting-gallery/cpg0016-jump/source_4/images/2021_04_26_Batch1/images/BR00117035__2021-05-02T16_02_51-Measurement1/Images/r01c01f02p01-ch2sk1fk1fl1.tiff",
                            "/cellpainting-gallery/cpg0016-jump/source_4/images/2021_04_26_Batch1/images/BR00117035__2021-05-02T16_02_51-Measurement1/Images/r01c02f01p01-ch7sk1fk1fl1.tiff",
                            "/cellpainting-gallery/cpg0016-jump/source_4/images/2021_04_26_Batch1/images/BR00117035__2021-05-02T16_02_51-Measurement1/Images/r01c02f01p01-ch6sk1fk1fl1.tiff",
                            "/cellpainting-gallery/cpg0016-jump/source_4/images/2021_04_26_Batch1/images/BR00117035__2021-05-02T16_02_51-Measurement1/Images/r01c02f01p01-ch8sk1fk1fl1.tiff",
                            "/cellpainting-gallery/cpg0016-jump/source_4/images/2021_04_26_Batch1/images/BR00117035__2021-05-02T16_02_51-Measurement1/Images/r01c02f01p01-ch3sk1fk1fl1.tiff",
                            "/cellpainting-gallery/cpg0016-jump/source_4/images/2021_04_26_Batch1/images/BR00117035__2021-05-02T16_02_51-Measurement1/Images/r01c02f01p01-ch1sk1fk1fl1.tiff",
                            "/cellpainting-gallery/cpg0016-jump/source_4/images/2021_04_26_Batch1/images/BR00117035__2021-05-02T16_02_51-Measurement1/Images/r01c02f01p01-ch4sk1fk1fl1.tiff",
                            "/cellpainting-gallery/cpg0016-jump/source_4/images/2021_04_26_Batch1/images/BR00117035__2021-05-02T16_02_51-Measurement1/Images/r01c02f01p01-ch5sk1fk1fl1.tiff",
                            "/cellpainting-gallery/cpg0016-jump/source_4/images/2021_04_26_Batch1/images/BR00117035__2021-05-02T16_02_51-Measurement1/Images/r01c02f01p01-ch2sk1fk1fl1.tiff",
                            "/cellpainting-gallery/cpg0016-jump/source_4/images/2021_04_26_Batch1/images/BR00117035__2021-05-02T16_02_51-Measurement1/Images/r01c02f02p01-ch7sk1fk1fl1.tiff",
                            "/cellpainting-gallery/cpg0016-jump/source_4/images/2021_04_26_Batch1/images/BR00117035__2021-05-02T16_02_51-Measurement1/Images/r01c02f02p01-ch6sk1fk1fl1.tiff",
                            "/cellpainting-gallery/cpg0016-jump/source_4/images/2021_04_26_Batch1/images/BR00117035__2021-05-02T16_02_51-Measurement1/Images/r01c02f02p01-ch8sk1fk1fl1.tiff",
                            "/cellpainting-gallery/cpg0016-jump/source_4/images/2021_04_26_Batch1/images/BR00117035__2021-05-02T16_02_51-Measurement1/Images/r01c02f02p01-ch3sk1fk1fl1.tiff",
                            "/cellpainting-gallery/cpg0016-jump/source_4/images/2021_04_26_Batch1/images/BR00117035__2021-05-02T16_02_51-Measurement1/Images/r01c02f02p01-ch1sk1fk1fl1.tiff",
                            "/cellpainting-gallery/cpg0016-jump/source_4/images/2021_04_26_Batch1/images/BR00117035__2021-05-02T16_02_51-Measurement1/Images/r01c02f02p01-ch4sk1fk1fl1.tiff",
                            "/cellpainting-gallery/cpg0016-jump/source_4/images/2021_04_26_Batch1/images/BR00117035__2021-05-02T16_02_51-Measurement1/Images/r01c02f02p01-ch5sk1fk1fl1.tiff",
                            "/cellpainting-gallery/cpg0016-jump/source_4/images/2021_04_26_Batch1/images/BR00117035__2021-05-02T16_02_51-Measurement1/Images/r01c02f02p01-ch2sk1fk1fl1.tiff",
                            "/cellpainting-gallery/cpg0016-jump/source_4/images/2021_04_26_Batch1/images/BR00117035__2021-05-02T16_02_51-Measurement1/Images/r02c01f01p01-ch7sk1fk1fl1.tiff",
                            "/cellpainting-gallery/cpg0016-jump/source_4/images/2021_04_26_Batch1/images/BR00117035__2021-05-02T16_02_51-Measurement1/Images/r02c01f01p01-ch6sk1fk1fl1.tiff",
                            "/cellpainting-gallery/cpg0016-jump/source_4/images/2021_04_26_Batch1/images/BR00117035__2021-05-02T16_02_51-Measurement1/Images/r02c01f01p01-ch8sk1fk1fl1.tiff",
                            "/cellpainting-gallery/cpg0016-jump/source_4/images/2021_04_26_Batch1/images/BR00117035__2021-05-02T16_02_51-Measurement1/Images/r02c01f01p01-ch3sk1fk1fl1.tiff",
                            "/cellpainting-gallery/cpg0016-jump/source_4/images/2021_04_26_Batch1/images/BR00117035__2021-05-02T16_02_51-Measurement1/Images/r02c01f01p01-ch1sk1fk1fl1.tiff",
                            "/cellpainting-gallery/cpg0016-jump/source_4/images/2021_04_26_Batch1/images/BR00117035__2021-05-02T16_02_51-Measurement1/Images/r02c01f01p01-ch4sk1fk1fl1.tiff",
                            "/cellpainting-gallery/cpg0016-jump/source_4/images/2021_04_26_Batch1/images/BR00117035__2021-05-02T16_02_51-Measurement1/Images/r02c01f01p01-ch5sk1fk1fl1.tiff",
                            "/cellpainting-gallery/cpg0016-jump/source_4/images/2021_04_26_Batch1/images/BR00117035__2021-05-02T16_02_51-Measurement1/Images/r02c01f01p01-ch2sk1fk1fl1.tiff",
                            "/cellpainting-gallery/cpg0016-jump/source_4/images/2021_04_26_Batch1/images/BR00117035__2021-05-02T16_02_51-Measurement1/Images/r02c01f02p01-ch7sk1fk1fl1.tiff",
                            "/cellpainting-gallery/cpg0016-jump/source_4/images/2021_04_26_Batch1/images/BR00117035__2021-05-02T16_02_51-Measurement1/Images/r02c01f02p01-ch6sk1fk1fl1.tiff",
                            "/cellpainting-gallery/cpg0016-jump/source_4/images/2021_04_26_Batch1/images/BR00117035__2021-05-02T16_02_51-Measurement1/Images/r02c01f02p01-ch8sk1fk1fl1.tiff",
                            "/cellpainting-gallery/cpg0016-jump/source_4/images/2021_04_26_Batch1/images/BR00117035__2021-05-02T16_02_51-Measurement1/Images/r02c01f02p01-ch3sk1fk1fl1.tiff",
                            "/cellpainting-gallery/cpg0016-jump/source_4/images/2021_04_26_Batch1/images/BR00117035__2021-05-02T16_02_51-Measurement1/Images/r02c01f02p01-ch1sk1fk1fl1.tiff",
                            "/cellpainting-gallery/cpg0016-jump/source_4/images/2021_04_26_Batch1/images/BR00117035__2021-05-02T16_02_51-Measurement1/Images/r02c01f02p01-ch4sk1fk1fl1.tiff",
                            "/cellpainting-gallery/cpg0016-jump/source_4/images/2021_04_26_Batch1/images/BR00117035__2021-05-02T16_02_51-Measurement1/Images/r02c01f02p01-ch5sk1fk1fl1.tiff",
                            "/cellpainting-gallery/cpg0016-jump/source_4/images/2021_04_26_Batch1/images/BR00117035__2021-05-02T16_02_51-Measurement1/Images/r02c01f02p01-ch2sk1fk1fl1.tiff"
                        ],
                        "2021_04_26_Batch1_BR00117035.csv:md5,77037f36c864d99f45ae7c37efd0a9a7"
                    ]
                ],
                "images_with_load_data_csv": [
                    [
                        {
                            "batch": "2021_04_26_Batch1",
                            "plate": "BR00117035",
                            "id": "2021_04_26_Batch1_BR00117035"
                        },
                        [
                            "/cellpainting-gallery/cpg0016-jump/source_4/images/2021_04_26_Batch1/images/BR00117035__2021-05-02T16_02_51-Measurement1/Images/r01c01f01p01-ch7sk1fk1fl1.tiff",
                            "/cellpainting-gallery/cpg0016-jump/source_4/images/2021_04_26_Batch1/images/BR00117035__2021-05-02T16_02_51-Measurement1/Images/r01c01f01p01-ch6sk1fk1fl1.tiff",
                            "/cellpainting-gallery/cpg0016-jump/source_4/images/2021_04_26_Batch1/images/BR00117035__2021-05-02T16_02_51-Measurement1/Images/r01c01f01p01-ch8sk1fk1fl1.tiff",
                            "/cellpainting-gallery/cpg0016-jump/source_4/images/2021_04_26_Batch1/images/BR00117035__2021-05-02T16_02_51-Measurement1/Images/r01c01f01p01-ch3sk1fk1fl1.tiff",
                            "/cellpainting-gallery/cpg0016-jump/source_4/images/2021_04_26_Batch1/images/BR00117035__2021-05-02T16_02_51-Measurement1/Images/r01c01f01p01-ch1sk1fk1fl1.tiff",
                            "/cellpainting-gallery/cpg0016-jump/source_4/images/2021_04_26_Batch1/images/BR00117035__2021-05-02T16_02_51-Measurement1/Images/r01c01f01p01-ch4sk1fk1fl1.tiff",
                            "/cellpainting-gallery/cpg0016-jump/source_4/images/2021_04_26_Batch1/images/BR00117035__2021-05-02T16_02_51-Measurement1/Images/r01c01f01p01-ch5sk1fk1fl1.tiff",
                            "/cellpainting-gallery/cpg0016-jump/source_4/images/2021_04_26_Batch1/images/BR00117035__2021-05-02T16_02_51-Measurement1/Images/r01c01f01p01-ch2sk1fk1fl1.tiff",
                            "/cellpainting-gallery/cpg0016-jump/source_4/images/2021_04_26_Batch1/images/BR00117035__2021-05-02T16_02_51-Measurement1/Images/r01c01f02p01-ch7sk1fk1fl1.tiff",
                            "/cellpainting-gallery/cpg0016-jump/source_4/images/2021_04_26_Batch1/images/BR00117035__2021-05-02T16_02_51-Measurement1/Images/r01c01f02p01-ch6sk1fk1fl1.tiff",
                            "/cellpainting-gallery/cpg0016-jump/source_4/images/2021_04_26_Batch1/images/BR00117035__2021-05-02T16_02_51-Measurement1/Images/r01c01f02p01-ch8sk1fk1fl1.tiff",
                            "/cellpainting-gallery/cpg0016-jump/source_4/images/2021_04_26_Batch1/images/BR00117035__2021-05-02T16_02_51-Measurement1/Images/r01c01f02p01-ch3sk1fk1fl1.tiff",
                            "/cellpainting-gallery/cpg0016-jump/source_4/images/2021_04_26_Batch1/images/BR00117035__2021-05-02T16_02_51-Measurement1/Images/r01c01f02p01-ch1sk1fk1fl1.tiff",
                            "/cellpainting-gallery/cpg0016-jump/source_4/images/2021_04_26_Batch1/images/BR00117035__2021-05-02T16_02_51-Measurement1/Images/r01c01f02p01-ch4sk1fk1fl1.tiff",
                            "/cellpainting-gallery/cpg0016-jump/source_4/images/2021_04_26_Batch1/images/BR00117035__2021-05-02T16_02_51-Measurement1/Images/r01c01f02p01-ch5sk1fk1fl1.tiff",
                            "/cellpainting-gallery/cpg0016-jump/source_4/images/2021_04_26_Batch1/images/BR00117035__2021-05-02T16_02_51-Measurement1/Images/r01c01f02p01-ch2sk1fk1fl1.tiff",
                            "/cellpainting-gallery/cpg0016-jump/source_4/images/2021_04_26_Batch1/images/BR00117035__2021-05-02T16_02_51-Measurement1/Images/r01c02f01p01-ch7sk1fk1fl1.tiff",
                            "/cellpainting-gallery/cpg0016-jump/source_4/images/2021_04_26_Batch1/images/BR00117035__2021-05-02T16_02_51-Measurement1/Images/r01c02f01p01-ch6sk1fk1fl1.tiff",
                            "/cellpainting-gallery/cpg0016-jump/source_4/images/2021_04_26_Batch1/images/BR00117035__2021-05-02T16_02_51-Measurement1/Images/r01c02f01p01-ch8sk1fk1fl1.tiff",
                            "/cellpainting-gallery/cpg0016-jump/source_4/images/2021_04_26_Batch1/images/BR00117035__2021-05-02T16_02_51-Measurement1/Images/r01c02f01p01-ch3sk1fk1fl1.tiff",
                            "/cellpainting-gallery/cpg0016-jump/source_4/images/2021_04_26_Batch1/images/BR00117035__2021-05-02T16_02_51-Measurement1/Images/r01c02f01p01-ch1sk1fk1fl1.tiff",
                            "/cellpainting-gallery/cpg0016-jump/source_4/images/2021_04_26_Batch1/images/BR00117035__2021-05-02T16_02_51-Measurement1/Images/r01c02f01p01-ch4sk1fk1fl1.tiff",
                            "/cellpainting-gallery/cpg0016-jump/source_4/images/2021_04_26_Batch1/images/BR00117035__2021-05-02T16_02_51-Measurement1/Images/r01c02f01p01-ch5sk1fk1fl1.tiff",
                            "/cellpainting-gallery/cpg0016-jump/source_4/images/2021_04_26_Batch1/images/BR00117035__2021-05-02T16_02_51-Measurement1/Images/r01c02f01p01-ch2sk1fk1fl1.tiff",
                            "/cellpainting-gallery/cpg0016-jump/source_4/images/2021_04_26_Batch1/images/BR00117035__2021-05-02T16_02_51-Measurement1/Images/r01c02f02p01-ch7sk1fk1fl1.tiff",
                            "/cellpainting-gallery/cpg0016-jump/source_4/images/2021_04_26_Batch1/images/BR00117035__2021-05-02T16_02_51-Measurement1/Images/r01c02f02p01-ch6sk1fk1fl1.tiff",
                            "/cellpainting-gallery/cpg0016-jump/source_4/images/2021_04_26_Batch1/images/BR00117035__2021-05-02T16_02_51-Measurement1/Images/r01c02f02p01-ch8sk1fk1fl1.tiff",
                            "/cellpainting-gallery/cpg0016-jump/source_4/images/2021_04_26_Batch1/images/BR00117035__2021-05-02T16_02_51-Measurement1/Images/r01c02f02p01-ch3sk1fk1fl1.tiff",
                            "/cellpainting-gallery/cpg0016-jump/source_4/images/2021_04_26_Batch1/images/BR00117035__2021-05-02T16_02_51-Measurement1/Images/r01c02f02p01-ch1sk1fk1fl1.tiff",
                            "/cellpainting-gallery/cpg0016-jump/source_4/images/2021_04_26_Batch1/images/BR00117035__2021-05-02T16_02_51-Measurement1/Images/r01c02f02p01-ch4sk1fk1fl1.tiff",
                            "/cellpainting-gallery/cpg0016-jump/source_4/images/2021_04_26_Batch1/images/BR00117035__2021-05-02T16_02_51-Measurement1/Images/r01c02f02p01-ch5sk1fk1fl1.tiff",
                            "/cellpainting-gallery/cpg0016-jump/source_4/images/2021_04_26_Batch1/images/BR00117035__2021-05-02T16_02_51-Measurement1/Images/r01c02f02p01-ch2sk1fk1fl1.tiff",
                            "/cellpainting-gallery/cpg0016-jump/source_4/images/2021_04_26_Batch1/images/BR00117035__2021-05-02T16_02_51-Measurement1/Images/r02c01f01p01-ch7sk1fk1fl1.tiff",
                            "/cellpainting-gallery/cpg0016-jump/source_4/images/2021_04_26_Batch1/images/BR00117035__2021-05-02T16_02_51-Measurement1/Images/r02c01f01p01-ch6sk1fk1fl1.tiff",
                            "/cellpainting-gallery/cpg0016-jump/source_4/images/2021_04_26_Batch1/images/BR00117035__2021-05-02T16_02_51-Measurement1/Images/r02c01f01p01-ch8sk1fk1fl1.tiff",
                            "/cellpainting-gallery/cpg0016-jump/source_4/images/2021_04_26_Batch1/images/BR00117035__2021-05-02T16_02_51-Measurement1/Images/r02c01f01p01-ch3sk1fk1fl1.tiff",
                            "/cellpainting-gallery/cpg0016-jump/source_4/images/2021_04_26_Batch1/images/BR00117035__2021-05-02T16_02_51-Measurement1/Images/r02c01f01p01-ch1sk1fk1fl1.tiff",
                            "/cellpainting-gallery/cpg0016-jump/source_4/images/2021_04_26_Batch1/images/BR00117035__2021-05-02T16_02_51-Measurement1/Images/r02c01f01p01-ch4sk1fk1fl1.tiff",
                            "/cellpainting-gallery/cpg0016-jump/source_4/images/2021_04_26_Batch1/images/BR00117035__2021-05-02T16_02_51-Measurement1/Images/r02c01f01p01-ch5sk1fk1fl1.tiff",
                            "/cellpainting-gallery/cpg0016-jump/source_4/images/2021_04_26_Batch1/images/BR00117035__2021-05-02T16_02_51-Measurement1/Images/r02c01f01p01-ch2sk1fk1fl1.tiff",
                            "/cellpainting-gallery/cpg0016-jump/source_4/images/2021_04_26_Batch1/images/BR00117035__2021-05-02T16_02_51-Measurement1/Images/r02c01f02p01-ch7sk1fk1fl1.tiff",
                            "/cellpainting-gallery/cpg0016-jump/source_4/images/2021_04_26_Batch1/images/BR00117035__2021-05-02T16_02_51-Measurement1/Images/r02c01f02p01-ch6sk1fk1fl1.tiff",
                            "/cellpainting-gallery/cpg0016-jump/source_4/images/2021_04_26_Batch1/images/BR00117035__2021-05-02T16_02_51-Measurement1/Images/r02c01f02p01-ch8sk1fk1fl1.tiff",
                            "/cellpainting-gallery/cpg0016-jump/source_4/images/2021_04_26_Batch1/images/BR00117035__2021-05-02T16_02_51-Measurement1/Images/r02c01f02p01-ch3sk1fk1fl1.tiff",
                            "/cellpainting-gallery/cpg0016-jump/source_4/images/2021_04_26_Batch1/images/BR00117035__2021-05-02T16_02_51-Measurement1/Images/r02c01f02p01-ch1sk1fk1fl1.tiff",
                            "/cellpainting-gallery/cpg0016-jump/source_4/images/2021_04_26_Batch1/images/BR00117035__2021-05-02T16_02_51-Measurement1/Images/r02c01f02p01-ch4sk1fk1fl1.tiff",
                            "/cellpainting-gallery/cpg0016-jump/source_4/images/2021_04_26_Batch1/images/BR00117035__2021-05-02T16_02_51-Measurement1/Images/r02c01f02p01-ch5sk1fk1fl1.tiff",
                            "/cellpainting-gallery/cpg0016-jump/source_4/images/2021_04_26_Batch1/images/BR00117035__2021-05-02T16_02_51-Measurement1/Images/r02c01f02p01-ch2sk1fk1fl1.tiff"
                        ],
                        "2021_04_26_Batch1_BR00117035.csv:md5,77037f36c864d99f45ae7c37efd0a9a7"
                    ]
                ]
            }
        ],
        "meta": {
            "nf-test": "0.9.1",
            "nextflow": "25.04.6"
        },
        "timestamp": "2025-08-06T14:49:52.099736"
    }
}