{
    "cellprofiler - illumination correction - stub": {
        "content": [
            {
                "0": [
                    [
                        {
                            "id": "2021_04_26_Batch1_BR00117035_AGP",
                            "batch": "2021_04_26_Batch1",
                            "plate": "BR00117035",
                            "channel": "AGP"
                        },
                        "BR00117035_IllumAGP.npy:md5,d41d8cd98f00b204e9800998ecf8427e"
                    ]
                ],
                "1": [
                    "versions.yml:md5,2ac487cff1aad377ac84d9f33953a160"
                ],
                "illumination_corrections": [
                    [
                        {
                            "id": "2021_04_26_Batch1_BR00117035_AGP",
                            "batch": "2021_04_26_Batch1",
                            "plate": "BR00117035",
                            "channel": "AGP"
                        },
                        "BR00117035_IllumAGP.npy:md5,d41d8cd98f00b204e9800998ecf8427e"
                    ]
                ],
                "versions": [
                    "versions.yml:md5,2ac487cff1aad377ac84d9f33953a160"
                ]
            }
        ],
        "meta": {
            "nf-test": "0.9.1",
            "nextflow": "25.10.0"
        },
        "timestamp": "2026-04-01T16:24:21.116327"
    },
    "cellprofiler - illumination correction": {
        "content": [
            {
                "0": [
                    [
                        {
                            "id": "2021_04_26_Batch1_BR00117035_AGP",
                            "batch": "2021_04_26_Batch1",
                            "plate": "BR00117035",
                            "channel": "AGP"
                        },
                        "BR00117035_IllumAGP.npy:md5,2307a4c1d2eaac146dae9be884b92c89"
                    ]
                ],
                "1": [
                    "versions.yml:md5,2ac487cff1aad377ac84d9f33953a160"
                ],
                "illumination_corrections": [
                    [
                        {
                            "id": "2021_04_26_Batch1_BR00117035_AGP",
                            "batch": "2021_04_26_Batch1",
                            "plate": "BR00117035",
                            "channel": "AGP"
                        },
                        "BR00117035_IllumAGP.npy:md5,2307a4c1d2eaac146dae9be884b92c89"
                    ]
                ],
                "versions": [
                    "versions.yml:md5,2ac487cff1aad377ac84d9f33953a160"
                ]
            }
        ],
        "meta": {
            "nf-test": "0.9.1",
            "nextflow": "25.10.0"
        },
        "timestamp": "2026-04-01T16:24:05.633872"
    }
}