{
    "cellprofiler - illumination correction - stub": {
        "content": [
            {
                "0": [
                    [
                        {
                            "id": "2021_04_26_Batch1_BR00117035_AGP",
                            "batch": "2021_04_26_Batch1",
                            "plate": "BR00117035",
                            "channel": "AGP"
                        },
                        "BR00117035_IllumAGP.npy:md5,1950d1deb8bc1c4cc1c859cd0174ecc3"
                    ]
                ],
                "1": [
                    "versions.yml:md5,2ac487cff1aad377ac84d9f33953a160"
                ],
                "illumination_corrections": [
                    [
                        {
                            "id": "2021_04_26_Batch1_BR00117035_AGP",
                            "batch": "2021_04_26_Batch1",
                            "plate": "BR00117035",
                            "channel": "AGP"
                        },
                        "BR00117035_IllumAGP.npy:md5,1950d1deb8bc1c4cc1c859cd0174ecc3"
                    ]
                ],
                "versions": [
                    "versions.yml:md5,2ac487cff1aad377ac84d9f33953a160"
                ]
            }
        ],
        "meta": {
            "nf-test": "0.9.1",
            "nextflow": "25.06.0"
        },
        "timestamp": "2025-08-20T15:33:11.24566"
    },
    "cellprofiler - illumination correction": {
        "content": [
            {
                "0": [
                    [
                        {
                            "id": "2021_04_26_Batch1_BR00117035_AGP",
                            "batch": "2021_04_26_Batch1",
                            "plate": "BR00117035",
                            "channel": "AGP"
                        },
                        "BR00117035_IllumAGP.npy:md5,2307a4c1d2eaac146dae9be884b92c89"
                    ]
                ],
                "1": [
                    "versions.yml:md5,2ac487cff1aad377ac84d9f33953a160"
                ],
                "illumination_corrections": [
                    [
                        {
                            "id": "2021_04_26_Batch1_BR00117035_AGP",
                            "batch": "2021_04_26_Batch1",
                            "plate": "BR00117035",
                            "channel": "AGP"
                        },
                        "BR00117035_IllumAGP.npy:md5,2307a4c1d2eaac146dae9be884b92c89"
                    ]
                ],
                "versions": [
                    "versions.yml:md5,2ac487cff1aad377ac84d9f33953a160"
                ]
            }
        ],
        "meta": {
            "nf-test": "0.9.1",
            "nextflow": "25.06.0"
        },
        "timestamp": "2025-08-20T15:33:01.430201"
    }
}