{
    "cellprofiler - analysis": {
        "content": [
            [
                "Cells.csv:md5,cf0fbe967445b902a35eaa01abc20f00",
                "Cytoplasm.csv:md5,8c793dcf8ded0d248cbc38a2df51ae22",
                "Experiment.csv:md5,68ef7d19a343b2c35de8cc3e2cfc63fd",
                "Image.csv:md5,ffba919ea2a84b919576ce5fd12c06a9",
                "Nuclei.csv:md5,9d2ca15a8a72bf6afd96cb0fee99663e",
                "A01_s1--cell_outlines.png:md5,db3c919bc3744c170cede533f72b9109",
                "A01_s1--nuclei_outlines.png:md5,bd13decbe6163fb6a89e5abedd46027c"
            ],
            [
                "versions.yml:md5,ed38c5cbdd0e37599722ed1b5832c21d"
            ]
        ],
        "meta": {
            "nf-test": "0.9.1",
            "nextflow": "25.10.0"
        },
        "timestamp": "2026-04-27T15:18:23.924632"
    },
    "cellprofiler - analysis - stub": {
        "content": [
            {
                "0": [
                    [
                        {
                            "id": "2021_04_26_Batch1_BR00117035_A01_1",
                            "batch": "2021_04_26_Batch1",
                            "plate": "BR00117035",
                            "well": "A01",
                            "site": 1
                        },
                        [
                            "Cells.csv:md5,cdead07f939579f92afcf8d9a5617589",
                            "Cytoplasm.csv:md5,cdead07f939579f92afcf8d9a5617589",
                            "Image.csv:md5,430c6339bcd290f7837657c15db12ffb",
                            "Nuclei.csv:md5,cdead07f939579f92afcf8d9a5617589",
                            "mock_overlay.png:md5,d41d8cd98f00b204e9800998ecf8427e"
                        ]
                    ]
                ],
                "1": [
                    [
                        {
                            "id": "2021_04_26_Batch1_BR00117035_A01_1",
                            "batch": "2021_04_26_Batch1",
                            "plate": "BR00117035",
                            "well": "A01",
                            "site": 1
                        },
                        "mock_overlay.png:md5,d41d8cd98f00b204e9800998ecf8427e"
                    ]
                ],
                "2": [
                    "versions.yml:md5,ed38c5cbdd0e37599722ed1b5832c21d"
                ],
                "output_dir": [
                    [
                        {
                            "id": "2021_04_26_Batch1_BR00117035_A01_1",
                            "batch": "2021_04_26_Batch1",
                            "plate": "BR00117035",
                            "well": "A01",
                            "site": 1
                        },
                        [
                            "Cells.csv:md5,cdead07f939579f92afcf8d9a5617589",
                            "Cytoplasm.csv:md5,cdead07f939579f92afcf8d9a5617589",
                            "Image.csv:md5,430c6339bcd290f7837657c15db12ffb",
                            "Nuclei.csv:md5,cdead07f939579f92afcf8d9a5617589",
                            "mock_overlay.png:md5,d41d8cd98f00b204e9800998ecf8427e"
                        ]
                    ]
                ],
                "pngs": [
                    [
                        {
                            "id": "2021_04_26_Batch1_BR00117035_A01_1",
                            "batch": "2021_04_26_Batch1",
                            "plate": "BR00117035",
                            "well": "A01",
                            "site": 1
                        },
                        "mock_overlay.png:md5,d41d8cd98f00b204e9800998ecf8427e"
                    ]
                ],
                "versions": [
                    "versions.yml:md5,ed38c5cbdd0e37599722ed1b5832c21d"
                ]
            }
        ],
        "meta": {
            "nf-test": "0.9.1",
            "nextflow": "25.10.0"
        },
        "timestamp": "2026-04-01T16:34:25.163603"
    }
}